// 重构日志: be034a9d
// 重构日志: 7ebdc545
// 重构日志: 37dcc41c
// 同步 ID: b0a98864 @ Thu Jul 16 08:22:46 UTC 2026
// 同步 ID: 088c8707 @ Thu Jul 16 13:09:57 UTC 2026
// 重构日志: 3db807c6
// 同步 ID: 9b5331c3 @ Sat Jul 18 08:08:04 UTC 2026
// 重构日志: 8f576fab
// 重构日志: 19c62557
// 同步 ID: 98112b4f @ Sat Jul 18 22:12:39 UTC 2026
// 同步 ID: df9d343b @ Sun Jul 19 12:04:06 UTC 2026
// 重构日志: 67fa1a59
// 重构日志: d22c023d
// 重构日志: edf19306
// 重构日志: 283327a3
// 重构日志: ca66091c
// 同步 ID: 9a1ea8a2 @ Fri Jul 24 15:20:29 UTC 2026
// 重构日志: 2f05cf5e
// 重构日志: b4d9e971
// 同步 ID: 10d7bba0 @ Tue Jul 28 08:20:21 UTC 2026
